Copyright 1986-2022 Xilinx, Inc. All Rights Reserved.
------------------------------------------------------------------------------------
| Tool Version : Vivado v.2022.1 (lin64) Build 3526262 Mon Apr 18 15:47:01 MDT 2022
| Date         : Sat Mar  8 13:38:02 2025
| Host         : DEATHSTAR running 64-bit Ubuntu 24.04.2 LTS
| Command      : report_timing -file mem_write_A_impl_timing.golden
| Design       : mem_write_A
| Device       : 7z020-clg400
| Speed File   : -1  PRODUCTION 1.12 2019-11-22
------------------------------------------------------------------------------------

Timing Report

Slack (MET) :             3.995ns  (required time - arrival time)
  Source:                 col_reg[3]/C
                            (rising edge-triggered cell FDRE clocked by clk  {rise@0.000ns fall@5.000ns period=10.000ns})
  Destination:            col_reg[16]/R
                            (rising edge-triggered cell FDRE clocked by clk  {rise@0.000ns fall@5.000ns period=10.000ns})
  Path Group:             clk
  Path Type:              Setup (Max at Slow Process Corner)
  Requirement:            10.000ns  (clk rise@10.000ns - clk rise@0.000ns)
  Data Path Delay:        5.397ns  (logic 1.847ns (34.221%)  route 3.550ns (65.779%))
  Logic Levels:           5  (CARRY4=3 LUT3=1 LUT6=1)
  Clock Path Skew:        -0.049ns (DCD - SCD + CPR)
    Destination Clock Delay (DCD):    0.924ns = ( 10.924 - 10.000 ) 
    Source Clock Delay      (SCD):    0.973ns
    Clock Pessimism Removal (CPR):    0.000ns
  Clock Uncertainty:      0.035ns  ((TSJ^2 + TIJ^2)^1/2 + DJ) / 2 + PE
    Total System Jitter     (TSJ):    0.071ns
    Total Input Jitter      (TIJ):    0.000ns
    Discrete Jitter          (DJ):    0.000ns
    Phase Error              (PE):    0.000ns

    Location             Delay type                Incr(ns)  Path(ns)    Netlist Resource(s)
  -------------------------------------------------------------------    -------------------
                         (clock clk rise edge)        0.000     0.000 r  
                                                      0.000     0.000 r  clk (IN)
                         net (fo=114, unset)          0.973     0.973    clk
    SLICE_X30Y77         FDRE                                         r  col_reg[3]/C
  -------------------------------------------------------------------    -------------------
    SLICE_X30Y77         FDRE (Prop_fdre_C_Q)         0.518     1.491 r  col_reg[3]/Q
                         net (fo=4, routed)           1.440     2.931    col_reg[3]
    SLICE_X27Y78         LUT6 (Prop_lut6_I0_O)        0.124     3.055 r  sys_row[2]_i_17/O
                         net (fo=1, routed)           0.000     3.055    sys_row[2]_i_17_n_0
    SLICE_X27Y78         CARRY4 (Prop_carry4_S[1]_CO[3])
                                                      0.550     3.605 r  sys_row_reg[2]_i_6/CO[3]
                         net (fo=1, routed)           0.000     3.605    sys_row_reg[2]_i_6_n_0
    SLICE_X27Y79         CARRY4 (Prop_carry4_CI_CO[3])
                                                      0.114     3.719 r  sys_row_reg[2]_i_4/CO[3]
                         net (fo=1, routed)           0.000     3.719    sys_row_reg[2]_i_4_n_0
    SLICE_X27Y80         CARRY4 (Prop_carry4_CI_CO[2])
                                                      0.228     3.947 r  sys_row_reg[2]_i_3/CO[2]
                         net (fo=4, routed)           0.970     4.917    col0
    SLICE_X27Y77         LUT3 (Prop_lut3_I0_O)        0.313     5.230 r  col[0]_i_1/O
                         net (fo=24, routed)          1.141     6.370    col[0]_i_1_n_0
    SLICE_X30Y81         FDRE                                         r  col_reg[16]/R
  -------------------------------------------------------------------    -------------------

                         (clock clk rise edge)       10.000    10.000 r  
                                                      0.000    10.000 r  clk (IN)
                         net (fo=114, unset)          0.924    10.924    clk
    SLICE_X30Y81         FDRE                                         r  col_reg[16]/C
                         clock pessimism              0.000    10.924    
                         clock uncertainty           -0.035    10.889    
    SLICE_X30Y81         FDRE (Setup_fdre_C_R)       -0.524    10.365    col_reg[16]
  -------------------------------------------------------------------
                         required time                         10.365    
                         arrival time                          -6.370    
  -------------------------------------------------------------------
                         slack                                  3.995    




